staged IA:875-10.13 (0 xrefs, 0 defines, flags: Placeholder 'Reserved' entry spanning 875-10.13 through 875-10.18; it contains no amendatory text, so no base sections were matched for overrides or narrows.)
1/11 done
staged IA:875-10.1 (0 xrefs, 2 defines, flags: The citation '875—Chapter 10, Iowa Administrative Code' did not resolve to any Work in the corpus (search returned only federal CFR hits), so it is left unlinked.; Converter detected no defined terms, but the section defines 'Part' and 'Standard' in 'Term means ...' form.; Overlay decision: neither overrides nor narrows — the 'Standard' definition restates 29 CFR 1910.2(f) verbatim and 'Part' is an Iowa-specific term the base does not define.)
staged IA:875-10.12 (0 xrefs, 1 defines, flags: Base source 875—Chapter 26 is not in the corpus, so this adoption item has no overlay targets and no overrides or narrows were linked.; Citation "Part 1926" cannot be linked: Chapter XVII's listing marks Part 1926 Safety and Health Regulations for Construction as not in this corpus, and the search candidates (CFR:4-29, CFR:29-1910.4) are wrong targets.; Citation "Iowa Code chapter 88" cannot be linked: no Iowa Code source was found in the corpus.; Subsection 10.12(2) is a definition sentence defining "construction work", which the converter missed.; The line "Ch 10, p.2 Labor Services[875] IAC 4/19/23" is a running IAC page header from the print edition, not rule text.)
3/11 done
3/11 done
staged IA:875-10.19 (2 xrefs, 0 defines, flags: Bare reference '875—Chapter 26' is unresolved: no Iowa chapter 26 source exists in the corpus (subject and citation-number searches return only federal CFR sources; work ids IA:875-26 and IA:875-10 are not found), so it is left unlinked.; No overlay targets proposed: the item adopts the listed federal rules by reference through 875—10.20(88) without changing them, and the only standards it displaces (875—Chapter 26) are absent from the corpus.; Federal standards are cited by 29 CFR number (1910.1017, 1910.1018, 1910.1028, 1910.1045, 1910.1047, 1910.1048, 1910.1052), each held as a separate CFR source rather than a linked xref.; Subsections 10.19(1), 10.19(5), and 10.19(6) are reserved or rescinded and retain historical text only.)
4/11 done
staged IA:875-10.3 (0 xrefs, 0 defines, flags: Base § 1910.6 Incorporation by reference, the paragraph this item parallels, is marked 'not in this corpus', so it cannot be targeted by overrides or narrows.; No specific base paragraph is textually amended; the item states a chapter-wide rule for standards incorporated by reference and leaves §§ 1910.1-1910.4 and 1910.7-1910.9 untouched.)
5/11 done
staged IA:875-10.2 (0 xrefs, 0 defines, flags: Bare reference 'Iowa Code section 88.4' is unlinked: no Iowa Code source exists in the corpus (the one permitted search returned only 29 CFR hits).; No overlay targets: the base 29 CFR 1910 snapshot contains no § 1910.5 and none of the cited industry sections (1910.12, 1910.261, 1910.262, 1910.263, 1910.264, 1910.265, 1910.266, 1910.268), so the item was staged as adopting the base as it stands.; Iowa-specific departures a person reconciling with the base should see: 10.2(1) reads 'federal agencies other than the United States Department of Labor' where the OSHA jurisdiction text says 'other than the Occupational Safety and Health Administration', and 10.2(5) ties deemed compliance to Iowa Code section 88.4.)
staged IA:875-10.20 (2 xrefs, 0 defines, flags: Neither 'section 88.5' nor 'Iowa Code chapter 88' could be linked: corpus searches returned only CFR nodes and no Iowa Code source, so both references are left unresolved.; The section text is truncated at the end of the filing-history notes, cut off mid-citation at 'published 7/12/'.; Running page headers from the IAC compilation ('IAC 4/19/23 Labor Services[875] Ch 10, p.N') are embedded in the body between the amendment citations.; '86 Fed. Reg. 32620' appears twice with different dates (June 21, 2021 and June 22, 2021), a likely garbled duplicate in the amendment list.; The sentence 'The rules beginning at 1910.20 and continuing through 1910' appears to be a drafting artifact; the rule otherwise takes all of 29 CFR Part 1910 as it stands, so it is staged with neither overrides nor narrows.; The adoption is as of the listed Federal Register amendments, ending 85 Fed. Reg. 42625 (July 14, 2020), not the current text of Part 1910.)
7/11 done
7/11 done
staged IA:875-10.7 (2 xrefs, 0 defines, flags: The heading promises definitions, but the leaf defines none itself; the definitions are supplied by the incorporated federal regulation and its appendix.; The adoption is pinned to the federal text as amended through 65 Fed. Reg. 46818 (July 31, 2000); later federal changes, including updates to the appendix list of recognized laboratories, are not incorporated.)
8/11 done
staged IA:875-10.4 (0 xrefs, 0 defines, flags: Rescinded ARC 5490C (IAB 3/10/21), effective 2021-04-14: the leaf retains only the heading and the rescission note, with no operative rule text.; Neither overrides nor narrows are recorded because the rescission ended the former state exception, leaving the adopted federal hexavalent chromium standard (29 CFR 1910.1026) to apply unchanged to metal and surface finishing job shops.; The base section 1910.1026 is only listed as "held for review" in the Part 1910 container (CFR:29-1910@2016-09-01); no staged base node exists for it to target.)
9/11 done
staged IA:875-10.5 (0 xrefs, 0 defines, flags: Bare 'Reserved' placeholder with no subject or citations to search the base on, so no overrides or narrows were staged; a person should confirm the base sections under these numbers stand unchanged.)
10/11 done
staged IA:875-10.8 (0 xrefs, 0 defines, flags: No base source containing sections 10.8 through 10.11 could be found in the corpus searches, so no overrides or narrows are linked and the base targets need verifier or human resolution.; The item is a reserved-range heading spanning four section numbers (10.8 through 10.11); once the base sections are identified, each is an override (replaced whole) rather than a narrow.)
11/11 done
fix round 1: 5 document(s) with errors
staged IA:875-10.5 (0 xrefs, 0 defines, flags: Base nodes for sections 875-10.5 and 875-10.6 were not found in the corpus (searched the base numbering, chapter, and both section numbers), so no override or narrow could be declared despite the item's plain reservation of both sections.; Body holds only the heading while the elements source holds 577 tokens for this section, so the section text appears truncated in conversion.)
staged IA:875-10.3 (0 xrefs, 0 defines, flags: Mirrors 29 CFR 1910.6(b) nearly verbatim (with "U.S. Government" abbreviated and "the Act" meaning the adopting jurisdiction's act), but 1910.6 is absent from the corpus base CFR:29-1910, so this item has no override or narrow target and is staged with neither.)
