staged CFR:29-1910.1005 (0 xrefs, 0 defines)
staged CFR:29-1910.1010 (0 xrefs, 0 defines)
staged CFR:29-1910.1008 (1 xrefs, 0 defines)
staged CFR:29-1910.1011 (0 xrefs, 0 defines, flags: Body is essentially a pointer: substantive requirements for 4-Aminodiphenyl reside in the cross-referenced § 1910.1003.)
44/207 done
staged CFR:29-1910.1006 (0 xrefs, 0 defines, flags: Section is a pointer-only stub whose entire content is the cross-reference to § 1910.1003; the text as given is complete, not truncated.)
45/207 done
staged CFR:29-1910.1002 (0 xrefs, 0 defines, flags: The section construes the term with 'include' rather than a 'means' or 'is defined as' formulation, so no defined term was staged despite its interpretive character.)
46/207 done
staged CFR:29-1910.1004 (0 xrefs, 0 defines, flags: Section body is only a cross-reference to § 1910.1003 with no operative text of its own.)
47/207 done
47/207 done
47/207 done
staged CFR:29-1910.1015 (1 xrefs, 0 defines, flags: Section is a cross-reference stub with no substantive rule text; body consists only of a pointer to § 1910.1003.)
48/207 done
staged CFR:29-1910.1014 (0 xrefs, 0 defines)
staged CFR:29-1910.1016 (1 xrefs, 0 defines)
staged CFR:29-1910.1009 (0 xrefs, 0 defines, flags: The entire section is a cross-reference redirect to § 1910.1003; no substantive requirements appear in this section.)
staged CFR:29-1910.1013 (1 xrefs, 0 defines)
52/207 done
staged CFR:29-1910.1007 (0 xrefs, 0 defines)
53/207 done
53/207 done
53/207 done
53/207 done
53/207 done
staged CFR:29-1910.1012 (0 xrefs, 0 defines, flags: Section is intentionally a cross-reference stub: the source text of § 1910.1012 is only this pointer to § 1910.1003, so nothing substantive was lost.)
54/207 done
staged CFR:29-1910.1001 (23 xrefs, 17 defines, flags: Citation to 29 CFR 1910.20 is to the pre-redesignation number of the Access to employee exposure and medical records section, now 29 CFR 1910.1020; linked there at reduced confidence.; Reference to AHERA (40 CFR 763, subpart E) has no counterpart in this corpus, so it is left unlinked.; Paragraph (b) also contains definitional sentences for 'Asbestos' ('includes chrysotile ...') and 'Building/facility owner' ('is the legal entity ...') in forms other than 'means', so they are not in the detected defined-terms list.; Possible source typo 'this sections' in paragraph (d)(7)(i).)
staged CFR:29-1910.1003 (8 xrefs, 13 defines, flags: Source typos in chemical names — "3,′-Dichlorobenzidine" and "4-Dimethylaminoazo-benezene" in the (a)(1) list and in (c)(2)(ii) and (c)(4)(vii), where correct spellings appear elsewhere — staged verbatim.; "Absolute filter" and "Laboratory-type hood" are defined with "is" rather than "means", so they are omitted from defines.; Paragraph anchors for the five self-references follow the registry's established pattern for this section ((c)(5) → #c-5, (e) → #e), e.g. (b)(13) → #b-13; the section indexes as one node, so the anchor spellings should be confirmed.; unresolved anchor: "paragraph (b)(13) of this section" named CFR:29-1910.1003#b-13, which the target does not have; linked to the section; unresolved anchor: "paragraph (e)(1)(iv) of this section" named CFR:29-1910.1003#e-1-iv, which the target does not have; linked to the section; unresolved anchor: "paragraph (e)(4) of this section" named CFR:29-1910.1003#e-4, which the target does not have; linked to the section; unresolved anchor: "paragraph (e)(2)(i) of this section" named CFR:29-1910.1003#e-2-i, which the target does not have; linked to the section; unresolved anchor: "paragraph (e)(2)(ii) of this section" named CFR:29-1910.1003#e-2-ii, which the target does not have; linked to the section)
56/207 done
56/207 done
staged CFR:29-1910.1017 (13 xrefs, 10 defines, flags: Converter detected no defined terms, but paragraph (b) contains ten 'X means' definitions, which are staged in defines.; Cross-reference '(See appendix A)' in paragraph (k)(1)(i) points to Appendix A of this section but was neither linked by the harness nor named for resolution; left unlinked.; Citation in (g)(3)(i)(A) names paragraph (d)(3)(i)(A) of 29 CFR 1910.134, but the harness linked only the section-level target CFR:29-1910.134.; Leaf display was truncated after (k)(1)(iii)(E); references in the remaining text, including paragraph (l), were staged from the harness-listed sentences.; unresolved anchor: "paragraph (d)(1) of this section" named CFR:29-1910.1017#d-1, which the target does not have; linked to the section; unresolved anchor: "paragraph (l)(2)(i) of this section" named CFR:29-1910.1017#l-2-i, which the target does not have; linked to the section; unresolved anchor: "paragraph (l)(2)(ii) of this section" named CFR:29-1910.1017#l-2-ii, which the target does not have; linked to the section; unresolved anchor: "paragraph (l)(1)(i) of this section" named CFR:29-1910.1017#l-1-i, which the target does not have; linked to the section)
staged CFR:29-1910.1020 (11 xrefs, 15 defines, flags: Reference '29 CFR 1910.20' could not be resolved: no CFR:29-1910.20 exists in the corpus; it is the former section number of this standard before redesignation as 1910.1020, so it is left unlinked.; Reference 'paragraph (e)(2)(ii)(D) of this section' is an internal self-reference, but the search did not return the target paragraph of CFR:29-1910.1020, so it is left unlinked.; Source text contains typographical errors staged verbatim: 'in-house of contractual', 'chemcial inventory', 'where and when used', and 'effected by' in footnote 1.; Footnote 1 anchor is rendered as '[] 1' and its text continues past the Hazard Communication Standard reference; the footnote marker structure may be lost.)
58/207 done
58/207 done
staged CFR:29-1910.1024 (3 xrefs, 20 defines, flags: Bare reference 'subpart I' (OSHA's Personal Protective Equipment standards, subpart I of this part) did not resolve: the one allowed search scoped to CFR:29-1910 returned only subparts C, V, and Z, so it is left unlinked for a human.; Converter's defined-term list omitted two paired definitions from paragraph (b); added 'Airborne exposure'/'airborne exposure to beryllium' and 'Contaminated with beryllium'/'beryllium-contaminated'.; The text cites 'Appendix A of this standard', which was not among the linked citations and is not resolved in this leaf.; Airborne concentrations render with a flattened superscript, 'µg/m 3' instead of 'µg/m³'.)
staged CFR:29-1910.1027 (21 xrefs, 8 defines, flags: The internal references 'Section 5.3', 'Section 5.4', and 'section 2.4' point to numbered sections of the protocol in this standard's appendices; corpus search returned no matching id, so they are left unresolved.; '29 CFR 1926.63' is the construction cadmium standard under its pre-1995 designation, now 29 CFR 1926.1127; linked to the current section with reduced confidence.; 'Objective data' in (d)(2)(iii) is defined only by cross-reference to paragraph (n)(2) of this section rather than by a local definition.)
60/207 done
60/207 done
staged CFR:29-1910.1000 (8 xrefs, 0 defines, flags: Table Z-1 note for Methylene Chloride reads "See § 1919.52", a garble of the methylene chloride standard § 1910.1052; linked there with reduced confidence.; Paragraph (e) cites 1910.134 (respiratory protection), which was not in the harness-linked list; verify it was linked upstream.; Many Table Z-1 rows carry "see 1910.xxxx" cross-references (e.g., 1910.1014, 1910.1045, 1910.1028) that were not listed as harness-linked; verify those too.; Table Z-1's grouped entries (a substance row followed by "Total dust" and "Respirable fraction" limit rows) lose their parent-child grouping in the flat markdown table.)
61/207 done
staged CFR:29-1910.1018 (17 xrefs, 5 defines, flags: Sub-paragraph citations (e)(4), (h)(2), (j) (1), (m) (1) and (p)(2)(i) resolve only to the section level CFR:29-1910.1018; the tools returned no paragraph-level ids or anchors.; Exponent superscripts were lost: concentrations appear as 'm 3' (e.g., 5 µg/m 3, 500 mg/m 3) instead of m³ throughout.; Hyphenation artifact in the definition: 'copper aceto- arsenite' has a stray space after the hyphen.; 'Action level' is defined in (b) but was not detected by the converter; added to defines.)
62/207 done
staged CFR:29-1910.1026 (21 xrefs, 11 defines, flags: Emphasis markup in the HEPA filter definition is misplaced (italics run into 'means a filter'), garbling the term boundary.; The PLHCP entry reads 'is an individual' instead of the CFR's 'means' definition form, so it was left out of defines pending verification against the official text.; The citation 'paragraph (f)(1)(ii) of this section' in (f)(1)(i) is absent from the pre-linked list and was not named for resolution, so it remains unlinked.; Unit notation renders as 'µgm/m 3' (e.g., 2.5 µgm/m 3), mangling 'µg/m³' throughout the section.; HCS in the communication-of-hazards paragraphs denotes the Hazard Communication Standard, 29 CFR 1910.1200.; The three internal paragraph references resolved only to the section node CFR:29-1910.1026 because the search returned no sub-paragraph ids or anchors.)
63/207 done
section subtitle-Subtitle B/XVII/1910/1910.1025/29-1910.1025.md attempt 1 failed: the agent finished without calling section_stage
staged CFR:29-1910.1030 (9 xrefs, 28 defines, flags: Citation "29 CFR 1910.20(e)" is the pre-redesignation cite to the access-to-records standard, now 29 CFR 1910.1020; linked to its paragraph (e) Access to records at moderate confidence.; "paragraph (h)(1) of this section" is a self-reference to (h) Recordkeeping—(1) Medical Records; linked at the (h) paragraph anchor because the corpus exposes only top-level paragraph anchors.; Converter's defined-terms list missed three definitions in (b) phrased with "is" rather than "means": Licensed Healthcare Professional, Personal Protective Equipment, and Universal Precautions; added to defines.)
64/207 done
section subtitle-Subtitle B/XVII/1910/1910.1044/29-1910.1044.md attempt 1 failed: the agent finished without calling section_stage
section subtitle-Subtitle B/XVII/1910/1910.1047/29-1910.1047.md attempt 1 failed: the agent finished without calling section_stage
staged CFR:29-1910.1028 (22 xrefs, 12 defines, flags: '29 CFR 1910.20' and '29 CFR 1910.20 (a) through (e) and (g) through (i)' in (k)(1) left unlinked: no § 1910.20 node found; the corpus carries the access rule for employee exposure and medical records at 29 CFR 1910.1020 (cf. § 1910.440's parallel citation and the linked 1910.1020(h) elsewhere in this section), so this is the pre-redesignation number.; '29 CFR 1910.309' linked to CFR:29-1910.309-1910.330, the container '§ 1910.309-1910.330 [Reserved]' — the corpus has no standalone § 1910.309 node; verifier should confirm this target or drop it.; Percent-recovery validation table (Appendix) lost its column structure: cells run together, e.g. '097.4 98.7 98.997.4 98.7 98.9 097.1 100.6 100.997.1'.; 'Action level' and 'Benzene' are also defined in (b); added to defines beyond the converter's detected list.; (i)(4)(i) cites the bare form '(i)(1)(i)' without the words 'paragraph ... of this section'; not in the harness list, so left unlinked — same target as the linked paragraph reference.; unresolved anchor: "paragraph (e)(2) of this section" named CFR:29-1910.1028##e-2, which the target does not have; linked to the section; unresolved anchor: "paragraph (a)(1) of this section" named CFR:29-1910.1028##a-1, which the target does not have; linked to the section; unresolved anchor: "paragraph (e)(2)(i) of this section" named CFR:29-1910.1028##e-2-i, which the target does not have; linked to the section; unresolved anchor: "paragraph (e)(5) of this section" named CFR:29-1910.1028##e-5, which the target does not have; linked to the section; unresolved anchor: "paragraph (e)(3) of this section" named CFR:29-1910.1028##e-3, which the target does not have; linked to the section; unresolved anchor: "paragraph (e)(7)(i) of this section" named CFR:29-1910.1028##e-7-i, which the target does not have; linked to the section; unresolved anchor: "paragraph (f)(1) of this section" named CFR:29-1910.1028##f-1, which the target does not have; linked to the section; unresolved anchor: "paragraph (f)(1)(iii) of this section" named CFR:29-1910.1028##f-1-iii, which the target does not have; linked to the section; unresolved anchor: "paragraph (i)(1)(i) of this section" named CFR:29-1910.1028##i-1-i, which the target does not have; linked to the section)
section subtitle-Subtitle B/XVII/1910/1910.1048/29-1910.1048.md attempt 1 failed: the agent finished without calling section_stage
staged CFR:29-1910.1045 (22 xrefs, 9 defines, flags: Paragraph (b) is garbled: the Decontamination definition breaks off after "above 1" and the defined term "Director" is lost where it runs into the Director definition, so Director is not listed as a defined term.; "29 CFR 1919.309" (electrical classification, appendix item) resolves to no section in the corpus, since part 1919 covers vessel cargo gear certification; this looks like a legacy or typographical citation, so it is left unlinked.; "42 CFR part 84" (NIOSH respirator certification) has no matching source in the corpus, which returned only 29 CFR sections, so it is left unlinked.; unresolved anchor: "paragraph (g)(1) of this section" named CFR:29-1910.1045#g-1, which the target does not have; linked to the section; unresolved anchor: "paragraph (n)(1) of this section" named CFR:29-1910.1045#n-1, which the target does not have; linked to the section; unresolved anchor: "paragraph (p)(2)(i) of this section" named CFR:29-1910.1045#p-2-i, which the target does not have; linked to the section)
staged CFR:29-1910.1052 (24 xrefs, 11 defines, flags: Citation in (f)(2)(i) reads '§ 1910.13(b) through (m)' and appears to be missing a '4'; the respiratory protection program it references is 29 CFR 1910.134(b) through (m) (except (d)(1)(iii)), so it is linked to CFR:29-1910.134 at 0.85 confidence.; Converter's detected-definition list omitted 'Methylene chloride' and 'Physician or other licensed health care professional'; both are defined in paragraph (b) and were added to defines.; unresolved anchor: "paragraph (e)(1) of this section" named CFR:29-1910.1052#e-1, which the target does not have; linked to the section)
staged CFR:29-1910.1051 (22 xrefs, 15 defines, flags: 'part BD' is not a citation — it is the wording 'one (1) part BD per million parts of air' in (c)(1) (search line L45); left unlinked.; '40 CFR part 261' (hazardous-waste citation in Appendix A's Disposal sentence) has no matching work in the corpus; left unlinked.; Table 1, Five Exposure Scenarios and Their Associated Monitoring Frequencies, lost its row structure and is staged as a flattened quote line; needs table reconstruction.; Converter's detected definition list omitted 'Physician or other licensed health care professional' from paragraph (b); added to defines.; Anchors m-1 and d-8 on the two internal references follow the harness's own (a)(2)→#a-2 convention; the scoped searches returned the section node rather than anchored paragraphs.; Bracketed insert '[using leak source, such as direct reading instruments, area or personal monitoring]' in (d)(5)(ii) looks like an editorial or processing artifact; confirm it is source text.; unresolved anchor: "paragraph (m)(1) of this section" named CFR:29-1910.1051#m-1, which the target does not have; linked to the section; unresolved anchor: "paragraph (d)(8) of this section" named CFR:29-1910.1051#d-8, which the target does not have; linked to the section)
staged CFR:29-1910.1028 (22 xrefs, 12 defines, flags: '29 CFR 1910.20' and '29 CFR 1910.20 (a) through (e) and (g) through (i)' in (k)(1) left unlinked: no § 1910.20 node found; the corpus carries the access rule for employee exposure and medical records at 29 CFR 1910.1020 (cf. § 1910.440's parallel citation and the linked 1910.1020(h) elsewhere in this section), so this is the pre-redesignation number.; '29 CFR 1910.309' linked to CFR:29-1910.309-1910.330, the container '§ 1910.309-1910.330 [Reserved]' — the corpus has no standalone § 1910.309 node; verifier should confirm this target or drop it.; Percent-recovery validation table (Appendix) lost its column structure: cells run together, e.g. '097.4 98.7 98.997.4 98.7 98.9 097.1 100.6 100.997.1'.; 'Action level' and 'Benzene' are also defined in (b); added to defines beyond the converter's detected list.; (i)(4)(i) cites the bare form '(i)(1)(i)' without the words 'paragraph ... of this section'; not in the harness list, so left unlinked — same target as the linked paragraph reference.; unresolved anchor: "paragraph (e)(2) of this section" named CFR:29-1910.1028#e-2, which the target does not have; linked to the section; unresolved anchor: "paragraph (a)(1) of this section" named CFR:29-1910.1028#a-1, which the target does not have; linked to the section; unresolved anchor: "paragraph (e)(2)(i) of this section" named CFR:29-1910.1028#e-2-i, which the target does not have; linked to the section; unresolved anchor: "paragraph (e)(5) of this section" named CFR:29-1910.1028#e-5, which the target does not have; linked to the section; unresolved anchor: "paragraph (e)(3) of this section" named CFR:29-1910.1028#e-3, which the target does not have; linked to the section; unresolved anchor: "paragraph (e)(7)(i) of this section" named CFR:29-1910.1028#e-7-i, which the target does not have; linked to the section; unresolved anchor: "paragraph (f)(1) of this section" named CFR:29-1910.1028#f-1, which the target does not have; linked to the section; unresolved anchor: "paragraph (f)(1)(iii) of this section" named CFR:29-1910.1028#f-1-iii, which the target does not have; linked to the section; unresolved anchor: "paragraph (i)(1)(i) of this section" named CFR:29-1910.1028#i-1-i, which the target does not have; linked to the section)
68/207 done
68/207 done
68/207 done
68/207 done
staged CFR:29-1910.1201 (1 xrefs, 0 defines, flags: Citations to 49 CFR Parts 171 through 180 (the DOT Hazardous Materials Regulations) in paragraphs (a), (b) and (e) were not among the harness-listed links and remain unlinked per the no-search instruction.; Paragraph (e) supplies the meaning of the term hazardous material by cross-reference to the Hazardous Materials Regulations rather than a textual definition, so it is not listed under defines.)
69/207 done
staged CFR:29-1910.1451-1910.1499 (0 xrefs, 0 defines, flags: Heading shows a duplicated '.1499' fragment ('1910.1451-1910.1499 .1499'), likely a converter artifact of the range notation.; Reserved placeholder: the leaf carries no operative rule text beyond the reservation statement.)
70/207 done
section subtitle-Subtitle B/XVII/1910/1910.1053/29-1910.1053.md attempt 1 failed: the agent finished without calling section_stage
staged CFR:29-1910.901-1910.999 (0 xrefs, 0 defines, flags: Heading shows a duplicated '.999' after the section range (reads '§ 1910.901-1910.999 .999'), likely a parsing artifact of the range title.)
71/207 done
section subtitle-Subtitle B/XVII/1910/1910.1029/29-1910.1029.md attempt 1 failed: the agent finished without calling section_stage
staged CFR:29-1910.1 (1 xrefs, 0 defines, flags: The citation to "chapter 5 of title 5, United States Code" in paragraph (a) has no target in this corpus; searches returned only unrelated CFR Title 1 sections, so both references are left unlinked.; Paragraph (a) reproduces Section 6(a) of the Williams-Steiger Occupational Safety and Health Act of 1970 verbatim; the Act itself is not in this corpus.)
72/207 done
staged CFR:29-1910.2 (1 xrefs, 8 defines, flags: Converter detected no defined term, but the leaf defines eight terms in '(term) means' form (Act through Established Federal standard); supplied in defines as a correction.)
73/207 done
section subtitle-Subtitle B/XVII/1910/1910.1200/29-1910.1200.md attempt 1 failed: the agent finished without calling section_stage
section subtitle-Subtitle B/XVII/1910/1910.1096/29-1910.1096.md attempt 1 failed: the agent finished without calling section_stage
staged CFR:29-1910.1450 (19 xrefs, 18 defines, flags: Citation "29 CFR 1910.20" (records kept, transferred, and made available) unresolved: search returned § 1928.21, CFR:29-1910, and § 1910.6, with no § 1910.20 node in the top hits, so it is left unlinked.; "Carcinogen (see select carcinogen)" in (b) is a cross-reference, not a definition; excluded from defines.; Converter's detected definition list omitted "Reproductive toxins" (defined in (b)); added to defines.; The parenthetical "(definition of \"simple asphyxiant\")" citing § 1910.1200(c) ends the Health hazard definition, but in the official text this citation belongs to the Hazardous chemical definition — review placement.; Typo "indvidual" in the Chemical Hygiene Officer definition appears in the official CFR text; copied verbatim.; unresolved anchor: "paragraph (d)(1) of this section" named CFR:29-1910.1450#d-1, which the target does not have; linked to the section)
staged CFR:29-1910.3 (1 xrefs, 0 defines, flags: Citations to section 6(a) and section 3(9) of 'the Act' point to the Occupational Safety and Health Act of 1970, outside this corpus, so they remain unlinked.; The phrase citing 'the definition of national consensus standard in section 3(9) of the Act' is a cross-reference to a definition, not a definition made in this section.)
75/207 done
75/207 done
staged CFR:29-1910.4 (2 xrefs, 0 defines, flags: Statutory citations to sections 3(9) and 6(a) "of the Act" (the Occupational Safety and Health Act of 1970) point outside the corpus and are left unlinked.)
76/207 done
staged CFR:29-1910.1025 (23 xrefs, 4 defines, flags: "42 CFR part 84" (NIOSH respirator approval, cited in the respiratory-protection paragraph) has no matching section in this corpus and is left unlinked.; "(See part IX, below.)" points to a numbered part of this section's appendix material; linked to the work only, as the tools returned no anchor for it.; Anchor casing for the lettered sub-citations (j)(3)(i)(C) and (k)(1)(i)(A) follows the as-written uppercase style; the harness's linked anchors only demonstrate lowercase forms.; Converter's detected definitions missed "Action level", the first definition in paragraph (b); added to defines.; Paragraph (d)(2) contains the staged misspelling "exployee" (source likely reads "employee").; Paragraph (e)(8)(ii) contains the staged misspelling "incude" (source likely reads "include").; Paragraph (d)(5) reads "the name number of each employee monitored"; a word, likely "and", appears to have been dropped.; Superscript formatting is lost throughout: concentrations appear as "µg/m 3" rather than µg/m³.; unresolved anchor: "paragraph (d)(9) of this section" named CFR:29-1910.1025#d-9, which the target does not have; linked to the section; unresolved anchor: "paragraph (d)(3) of this section" named CFR:29-1910.1025#d-3, which the target does not have; linked to the section; unresolved anchor: "paragraph (d)(7) of this section" named CFR:29-1910.1025#d-7, which the target does not have; linked to the section; unresolved anchor: "paragraph (e)(5) of this section" named CFR:29-1910.1025#e-5, which the target does not have; linked to the section; unresolved anchor: "paragraph (j)(3)(i)(C) of this section" named CFR:29-1910.1025#j-3-i-C, which the target does not have; linked to the section; unresolved anchor: "paragraph (g)(1) of this section" named CFR:29-1910.1025#g-1, which the target does not have; linked to the section; unresolved anchor: "paragraph (j)(1)(i) of this section" named CFR:29-1910.1025#j-1-i, which the target does not have; linked to the section; unresolved anchor: "paragraph (k)(1)(i)(A) of this section" named CFR:29-1910.1025#k-1-i-A, which the target does not have; linked to the section; unresolved anchor: "paragraph (k)(1)(i) of this section" named CFR:29-1910.1025#k-1-i, which the target does not have; linked to the section; unresolved anchor: "paragraph (k)(2)(i) of this section" named CFR:29-1910.1025#k-2-i, which the target does not have; linked to the section; unresolved anchor: "paragraph (m)(2)(ii) of this section" named CFR:29-1910.1025#m-2-ii, which the target does not have; linked to the section)
section subtitle-Subtitle B/XVII/1910/1910.1043/29-1910.1043.md attempt 1 failed: the agent finished without calling section_stage
section subtitle-Subtitle B/XVII/1910/1910.1047/29-1910.1047.md attempt 2 failed: the agent finished without calling section_stage
78/207 done
78/207 done
staged CFR:29-1910.1044 (13 xrefs, 6 defines, flags: The converter's definition list missed 'Authorized person' in paragraph (b); it was added to defines.; The reference '40 CFR Part 162' (EPA pesticide labeling regulations) had no relevant corpus hits, so it is left unlinked.; '§ 1910.309' is [Reserved] in the current CFR; it is linked to the reserved-range node CFR:29-1910.309-1910.330 that the search returned.; In (h)(3)(i) the pinpoint 'paragraph (d)(3)(i)(A) of 29 CFR 1910.134' is linked by the harness only to the parent section, not the subparagraph.; Source text contains minor typos kept verbatim: 'equipments' in the (j) heading, 'of disposal' in (j)(2)(iii), and 'or clean' in (j)(3)(ii).; unresolved: "paragraph (g)(1) of this section" was mapped to CFR:29-1910.1044#g-1, which is not an id in the corpus or the input; left bare; unresolved: "paragraph (l) (1) of this section" was mapped to CFR:29-1910.1044#l-1, which is not an id in the corpus or the input; left bare; unresolved: "paragraph (m)(6) of this section" was mapped to CFR:29-1910.1044#m-6, which is not an id in the corpus or the input; left bare; unresolved: "paragraph (m)(2)(iii) of this section" was mapped to CFR:29-1910.1044#m-2-iii, which is not an id in the corpus or the input; left bare; unresolved: "paragraph (o)(2) of this section" was mapped to CFR:29-1910.1044#o-2, which is not an id in the corpus or the input; left bare)
staged CFR:29-1910.5 (6 xrefs, 0 defines, flags: Reference to § 1915.23(c)(3) of this title left unlinked: that section does not exist in this corpus (sect_read of CFR:29-1915.23 returned not found; a part-1915 search surfaced only §§ 1915.3, 1915.1007, 1915.32), so the example in (c)(1) cites a superseded provision.)
staged CFR:29-1910.1048 (12 xrefs, 7 defines, flags: Reference 'Section 4.8' points to a numbered subsection of the sampling/analytical method appendix reproduced in this section; the search returned only this section (no paragraph node), so it was left unlinked.; Scoped search for paragraph (m)(2)(i) surfaced the matching MAY CAUSE CANCER legend only in (e)(1)(i); that xref is linked to this section at low confidence pending confirmation of the labels-paragraph anchor.)
81/207 done
81/207 done
staged CFR:29-1910.9 (1 xrefs, 0 defines)
staged CFR:29-1910.8 (0 xrefs, 0 defines, flags: Whole body is a two-column table pairing 29 CFR part 1910 citations with OMB control numbers; confirm the table structure was preserved through conversion.; The row for 1910.252(a)(2)(xiii) retains italic markup around subparagraph (c) from the source text.)
83/207 done
83/207 done
section subtitle-Subtitle B/XVII/1910/1910.1096/29-1910.1096.md attempt 2 failed: the agent finished without calling section_stage
84/207 done
section subtitle-Subtitle B/XVII/1910/1910.1050/29-1910.1050.md attempt 1 failed: the agent finished without calling section_stage
staged CFR:29-1910.1044 (18 xrefs, 6 defines, flags: The converter's definition list missed 'Authorized person' in paragraph (b); it was added to defines.; The reference '40 CFR Part 162' (EPA pesticide labeling regulations) had no relevant corpus hits, so it is left unlinked.; '§ 1910.309' is [Reserved] in the current CFR; it is linked to the reserved-range node CFR:29-1910.309-1910.330 that the search returned.; The five same-section paragraph references ((g)(1), (l)(1), (m)(6), (m)(2)(iii), (o)(2)) are mapped to the section node itself because paragraph-level anchor ids do not exist in the corpus or the input.; In (h)(3)(i) the pinpoint 'paragraph (d)(3)(i)(A) of 29 CFR 1910.134' is linked by the harness only to the parent section, not the subparagraph.; Source text contains minor typos kept verbatim: 'equipments' in the (j) heading, 'of disposal' in (j)(2)(iii), and 'or clean' in (j)(3)(ii).)
staged CFR:29-1910.15 (1 xrefs, 5 defines, flags: Converter detected no defined terms although paragraph (b) defines five; added Ship repair, Shipbreaking, Shipbuilding, Related employment, and Vessel to defines.; The citation 'section 6(a) of the Act' points to the OSH Act itself, outside this corpus, and remains unlinked.)
85/207 done
85/207 done
staged CFR:29-1910.18 (3 xrefs, 0 defines)
86/207 done
staged CFR:29-1910.17 (2 xrefs, 0 defines)
87/207 done
section subtitle-Subtitle B/XVII/1910/B/1910.19/29-1910.19.md attempt 1 failed: the agent finished without calling section_stage
section subtitle-Subtitle B/XVII/1910/B/1910.16/29-1910.16.md attempt 1 failed: the agent finished without calling section_stage
section subtitle-Subtitle B/XVII/1910/A/1910.6/29-1910.6.md attempt 1 failed: the agent finished without calling section_stage
section subtitle-Subtitle B/XVII/1910/1910.1200/29-1910.1200.md attempt 2 failed: the agent finished without calling section_stage
88/207 done
section subtitle-Subtitle B/XVII/1910/B/1910.12/29-1910.12.md attempt 1 failed: the agent finished without calling section_stage
section subtitle-Subtitle B/XVII/1910/B/1910.11/29-1910.11.md attempt 1 failed: the agent finished without calling section_stage
section subtitle-Subtitle B/XVII/1910/C/29-1910-C.md attempt 1 failed: the agent finished without calling section_stage
section subtitle-Subtitle B/XVII/1910/A/1910.7/29-1910.7.md attempt 1 failed: the agent finished without calling section_stage
staged CFR:29-1910-C (0 xrefs, 0 defines)
89/207 done
staged CFR:29-1910.12 (5 xrefs, 1 defines, flags: Paragraph (c) references subparts A and B of part 1926 only descriptively, not as citations to resolve.)
90/207 done
staged CFR:29-1910.22 (0 xrefs, 0 defines)
91/207 done
staged CFR:29-1910.11 (4 xrefs, 0 defines, flags: Reference "§ 1910.13" could not be resolved: no node CFR:29-1910.13 exists in the corpus; it is cited alongside §§ 1910.14-1910.16 in (b).; Reference "subpart B" in (a) is the subpart this section belongs to (already linked as CFR:29-1910-B by the harness); no separate resolution made.)
staged CFR:29-1910.24 (0 xrefs, 0 defines)
93/207 done
93/207 done
staged CFR:29-1910.7 (12 xrefs, 4 defines, flags: Bare reference "subpart C" (appendix revocation hearing rules; part 1905 in the same sentence links to CFR:29-1905) returned no real id in the corpus and is left unlinked.; The three "paragraph (f)(n) of this section" self-references were linked to this node's anchors f-1/f-2/f-4 by mirroring the harness's own anchor scheme (#b-1, #c-4) because corpus search cannot hit paragraph anchors; a person should confirm those anchors exist.; Paragraph (f)(4) holds a milestones table whose italic rows I., II., III. are category headers interleaved with milestone/action rows; rendering must preserve both kinds of row.; unresolved anchor: "paragraph (f)(1) of this section" named CFR:29-1910.7#f-1, which the target does not have; linked to the section; unresolved anchor: "paragraph (f)(2) of this section" named CFR:29-1910.7#f-2, which the target does not have; linked to the section; unresolved anchor: "paragraph (f)(4) of this section" named CFR:29-1910.7#f-4, which the target does not have; linked to the section)
94/207 done
section subtitle-Subtitle B/XVII/1910/1910.1053/29-1910.1053.md attempt 2 failed: the agent finished without calling section_stage
95/207 done
staged CFR:29-1910.25 (4 xrefs, 0 defines, flags: Bare references to Figure D-7, Figure D-8, Figure D-9, and Table D-1 of this section are unlinked; the figures and Table D-1 are not resolvable nodes in the corpus.)
96/207 done
staged CFR:29-1910.26 (1 xrefs, 0 defines)
97/207 done
staged CFR:29-1910.1029 (24 xrefs, 14 defines, flags: Searches and sect_map confirmed the section id but did not enumerate paragraph nodes, so the ten anchors below follow the harness's own anchor convention for this section (e.g., '#n', '#f-6') rather than being individually tool-confirmed.; Bare references to 'paragraph (f)(3)(i)(*b*) of this section' (including '(f)(3)(i)(*b*)(*3*)(*iv*)') in the work-practice controls beyond the shown text were neither in the linked list nor the resolve list and remain unlinked.; Superscript is lost in '150 µg/m 3' (space before the 3) in the permissible exposure limit and accuracy-of-measurement paragraphs; staged verbatim.; Body spells 'occurance' in the Emergency definition, likely a conversion garble of 'occurrence'; staged verbatim.; Body spells 'fullshift' in the sampling paragraph, likely a conversion garble of 'full-shift'; staged verbatim.; unresolved anchor: "paragraph (e)(1) of this section" named CFR:29-1910.1029#e-1, which the target does not have; linked to the section; unresolved anchor: "paragraph (f)(2)(i) of this section" named CFR:29-1910.1029#f-2-i, which the target does not have; linked to the section; unresolved anchor: "paragraph (i)(1) of this section" named CFR:29-1910.1029#i-1, which the target does not have; linked to the section; unresolved anchor: "paragraph (h)(1) of this section" named CFR:29-1910.1029#h-1, which the target does not have; linked to the section; unresolved anchor: "paragraph (j)(1)(i) of this section" named CFR:29-1910.1029#j-1-i, which the target does not have; linked to the section; unresolved anchor: "paragraph (l)(2)(i) of this section" named CFR:29-1910.1029#l-2-i, which the target does not have; linked to the section; unresolved anchor: "paragraph (l)(3)(i) of this section" named CFR:29-1910.1029#l-3-i, which the target does not have; linked to the section; unresolved anchor: "paragraph (j)(1)(ii) of this section" named CFR:29-1910.1029#j-1-ii, which the target does not have; linked to the section; unresolved anchor: "paragraph (j)(2) of this section" named CFR:29-1910.1029#j-2, which the target does not have; linked to the section; unresolved anchor: "paragraph (m)(2) of this section" named CFR:29-1910.1029#m-2, which the target does not have; linked to the section)
98/207 done
staged CFR:29-1910.21 (2 xrefs, 62 defines, flags: Converter's defined-term list omitted seven definitions present in the body: Combination ladder, Mobile ladder stand (ladder stand), Positioning system (work-positioning system), Qualified, Ship stair (ship ladder), Step bolt (pole step), and Unprotected sides and edges; they were added to defines.; Displayed body ends mid-sentence inside the Warning line definition; the Well definition is supplied from the unshown remainder, so confirm the full body through Well is staged.; Source italics split the term 'Combination ladder' into '*Combination* *ladder*', which may affect term matching downstream.)
99/207 done
staged CFR:29-1910.23 (1 xrefs, 0 defines, flags: Bare internal reference "paragraph (e)(2)(i) of this section" did not resolve in search (hits were unrelated ERISA sections); it is left unlinked and points to paragraph (e)(2)(i) of this same section.; References to Figure D-1 through Figure D-5 of this section point to figures that are not present in the text.; Note to paragraph (c)(3) supplies the term "maximum intended load" only by cross-reference to § 1910.21(b); no term is defined in this section itself.)
staged CFR:29-1910.16 (11 xrefs, 4 defines, flags: Reference "49 CFR chapter I, subchapter D" (DOT Office of Pipeline Safety regulations) has no target in this corpus and is left unlinked.; Footnotes 1 and 2 are detached from their anchor sentences: the body shows empty bracket markers after "requirements;" and the footnote text follows as separate lines.; (b)(2)(xi) captions Subpart D as "Safety requirements for scaffolding", but the current Subpart D is Walking-Working Surfaces and § 1910.28 is now fall protection; the caption is historical.; The Subpart S container id was not returned directly by search (only its child subjectgroup CFR:29-1910-S-sg2); "Subpart S" is linked to CFR:29-1910-S by the sibling subpart-id pattern with reduced confidence.)
staged CFR:29-1910.33 (0 xrefs, 0 defines)
102/207 done
102/207 done
102/207 done
staged CFR:29-1910.19 (11 xrefs, 0 defines, flags: Bare reference "§ 1910.13" could not be resolved: corpus search returned only sections citing it (e.g., Benzidine, alpha-Naphthylamine) and no § 1910.13 node itself; citation left unlinked.; Bare reference "§ 1910.14" could not be resolved: no § 1910.14 node appeared in the corpus results; citation left unlinked.; Both unresolved targets are Subpart B extension sections like the linked §§ 1910.12, 1910.15, and 1910.16, apparently absent from this corpus.)
103/207 done
staged CFR:29-1910.38 (1 xrefs, 0 defines)
staged CFR:29-1910.30 (1 xrefs, 0 defines, flags: Self-citation 'paragraph (a)(1) of this section' in (a)(3)(iv) targets this section's own paragraph (a)(1), but the corpus search returned no matching node, so it is left unlinked.; Paragraph (c)'s reference to 'paragraphs (a) and (b) of this section' is likewise a self-reference to this section's own (a) and (b) and was not among the harness's pre-linked citations.)
105/207 done
staged CFR:29-1910.27 (4 xrefs, 0 defines, flags: Paragraph (b)(1)(iii) also cites "paragraphs (b)(1)(i) and (ii) of this section", an internal cross-reference the converter did not list for resolution.; The italicized lead-ins in (a), (b), (b)(1), and (b)(2) are paragraph headings, not definitions, confirming the empty defines list.; unresolved anchor: "paragraph (b)(1)(i) of this section" named CFR:29-1910.27#(b)(1)(i), which the target does not have; linked to the section)
106/207 done
section subtitle-Subtitle B/XVII/1910/A/1910.6/29-1910.6.md attempt 2 failed: the agent finished without calling section_stage
107/207 done
staged CFR:29-1910.36 (3 xrefs, 0 defines, flags: Paragraph (a)(3) defines neither term itself: 'listed' and 'nationally recognized testing laboratory' are cross-references to definitions in 1910.155(c)(3)(iv)(A) and 1910.7.; The two Notes cite NFPA 101-2009 and IFC-2009 only as standards incorporated by reference through § 1910.6; they were not linked to separate targets.)
108/207 done
staged CFR:29-1910.39 (1 xrefs, 0 defines)
109/207 done
109/207 done
staged CFR:29-1910.35 (0 xrefs, 0 defines, flags: The series citation "§§ 1910.34, 1910.36, and 1910.37" is linked only to § 1910.34; § 1910.36 and § 1910.37 remain unlinked bare citations in the staged text.)
110/207 done
staged CFR:29-1910.37 (1 xrefs, 0 defines, flags: Superscript lost in paragraph (b)(6): '0.21 cd/m 2' should read '0.21 cd/m²'.)
111/207 done
staged CFR:29-1910.28 (5 xrefs, 0 defines, flags: Unresolved internal reference "paragraph (b)(1)(i) of this section" (twice in the Note to paragraph (b)(1)(ii)): search returned no node id for this section, so it is not linked.; Unresolved internal reference "paragraph (b)(9) of this section" in (b)(10)(i): search returned only other agencies' and parts' sections, no id for this section, so it is not linked.)
staged CFR:29-1910.97 (0 xrefs, 0 defines, flags: Paragraph (a)(1) defines its terms by scoping and run-in headings (electromagnetic radiation restricted to the radio-frequency region; Partial body irradiation; Radiation protection guide; Whole body irradiation) rather than with 'means', so no defines were detected.; Superscripts are flattened with stray spaces in (a)(2)(i): '10 mW/cm. 2' and '1 mW.-hr./cm. 2' should read cm2 (square centimeters).; Figure G-11 appears only as a caption; the warning symbol graphic itself is not captured in the text.)
staged CFR:29-1910.29 (9 xrefs, 0 defines, flags: The subpart I search returned only sections within subpart I and no subpart container id, so the xref for 'subpart I of this part' points to CFR:29-1910.140 Personal fall protection systems, the subpart's requirements section for the systems named in paragraph (a)(1).; The subpart L search likewise returned no subpart container id, so the Note to paragraph (b) xref points to CFR:29-1926.451 General requirements, which holds the scaffold guardrail system criteria.; The prompt displayed the leaf only through paragraph (i)(6), which cuts off mid-word ('Ladder safet'); a reviewer should confirm the staged file carries the remaining text through paragraph (j).; Paragraphs cite Figures D-11 through D-15, but only the Figure D-13 caption appears in the body; the figure graphics themselves are not part of the text.; The harness-linked citation '(see § 1910.28(b)(10))' points to the CFR:29-1910.28 section root without the (b)(10) paragraph anchor named in the citation.; unresolved anchor: "paragraph (d)(2)(ii) of this section" named CFR:29-1910.29#d-2-ii, which the target does not have; linked to the section)
114/207 done
114/207 done
114/207 done
staged CFR:29-1910.34 (2 xrefs, 9 defines, flags: Paragraph (b) heading reads "Exits routes are covered"; likely a transcription slip for "Exit routes" — verify against the official text.)
staged CFR:29-1910.67 (3 xrefs, 0 defines, flags: Unresolved reference: "Section 4.9" cites ANSI A92.2—1969 (Bursting Safety Factor), which has no node in the corpus; left unlinked (the parallel "Section 5" electrical-tests citation points to the same absent standard).; Paragraph (a) states definitions in "Term. Definition" form without the words "means" or "is defined as", so no defined terms were recorded.; Recurring em dashes in place of hyphens (vehicle—mounted, A92.2—1969, B3.0—41) appear to be a conversion artifact.)
116/207 done
116/207 done
staged CFR:29-1910.1043 (24 xrefs, 11 defines, flags: Definitions of 'washed cotton' in (a)(4) and 'lower grade washed cotton' in (c)(1)(ii) are cross-references to paragraph (n), not definitions in this section.; Paragraph (b) defines two terms for one device in a single sentence — 'Vertical elutriator cotton dust sampler' and its alias 'vertical elutriator' — and the converter's list missed both.; Apparent typo in (c)(1)(i): 'as measured be a vertical elutriator' likely reads 'by' in the regulation.; Microgram exposure values in (c) lost superscript formatting ('µg/m 3' for µg/m³) throughout.; Deep anchors such as (m)(2)(ii)(B) follow the node's confirmed letter-number anchor pattern; the casing of the final '(B)' segment is inferred, not tool-confirmed.; unresolved anchor: "paragraph (d)(1)(iii) of this section" named CFR:29-1910.1043#d-1-iii, which the target does not have; linked to the section; unresolved anchor: "paragraph (n)(5) of this section" named CFR:29-1910.1043#n-5, which the target does not have; linked to the section; unresolved anchor: "paragraph (d)(2) of this section" named CFR:29-1910.1043#d-2, which the target does not have; linked to the section; unresolved anchor: "paragraph (e)(1) of this section" named CFR:29-1910.1043#e-1, which the target does not have; linked to the section; unresolved anchor: "paragraph (m)(2)(ii)(B) of this section" named CFR:29-1910.1043#m-2-ii-B, which the target does not have; linked to the section; unresolved anchor: "paragraph (h)(2)(iii) of this section" named CFR:29-1910.1043#h-2-iii, which the target does not have; linked to the section; unresolved anchor: "paragraph (h)(3)(i) of this section" named CFR:29-1910.1043#h-3-i, which the target does not have; linked to the section; unresolved anchor: "paragraph (j)(1) of this section" named CFR:29-1910.1043#j-1, which the target does not have; linked to the section; unresolved anchor: "paragraph (h)(4) of this section" named CFR:29-1910.1043#h-4, which the target does not have; linked to the section)
staged CFR:29-1910.101 (0 xrefs, 0 defines, flags: The citation '14 CFR part 103' is linked with the form CFR:29-103, which appears to be a Title 29 form rather than 14 CFR part 103; a human should verify the link target.; The Compressed Gas Association pamphlets (C-6-1968, C-8-1962, P-1-1965, S-1.1-1963 with 1965 addenda, and S-1.2-1963) are incorporated by reference through § 1910.6 but are not individually linked as references.)
staged CFR:29-1910.105 (0 xrefs, 0 defines)
staged CFR:29-1910.103 (6 xrefs, 4 defines, flags: Table H-1 lost its column structure in conversion (garbled cell 'IDI.', empty cells for outdoor systems in excess of 15,000 CF).; Table H-2 lost row/column structure: multi-row entries were flattened onto single lines with doubled distance values (e.g., '10 25').; Definitions 'Listed' and 'DOT regulations' are cross-references (to 'approved' and to paragraph (a)(1)(v)) rather than substantive definitions.)
120/207 done
120/207 done
staged CFR:29-1910.102 (2 xrefs, 0 defines, flags: Reference "Chapter 9" (of NFPA 51A-2006) is an external consensus standard incorporated by reference; no matching source exists in the corpus, so it is left unlinked.; Reference "Chapter 7" (of NFPA 51A-2001) is likewise an external standard with no corpus source; it is left unlinked.; The inline link on CGA G-1.2-2006 "part 3" points to CFR:29-3, which appears to be a mis-link: the citation is to part 3 of the pamphlet, not 29 CFR part 3.; Paragraph (c)(2) reads "charge (fill) of acetylene cylinders"; the stray word "of" is absent from the parallel (b)(2) wording and may be a conversion artifact.)
121/207 done
121/207 done
section subtitle-Subtitle B/XVII/1910/F/1910.66/29-1910.66.md attempt 1 failed: the agent finished without calling section_stage
staged CFR:29-1910.108 (0 xrefs, 0 defines)
section subtitle-Subtitle B/XVII/1910/F/1910.68/29-1910.68.md attempt 1 failed: the agent finished without calling section_stage
122/207 done
staged CFR:29-1910.95 (12 xrefs, 0 defines, flags: The Table G-16 footnote formula lost its '+ ... +' ellipsis, running the terms C2/T2 and Cn/Tn together.; Paragraph (g)(5)(ii) reads 'employees shall wearing hearing protectors', apparently dropping 'be required to wear' from the source text.; References to appendix A, appendix C, appendix D, appendix F, Table G-16a and Figure G-9 are plain text with no linked ids.; No canonical 'means' or 'is defined as' sentence exists; the closest definitional provisions are 'action level' in (c)(2) and 'standard threshold shift' in (g)(10)(i).)
section subtitle-Subtitle B/XVII/1910/G/1910.94/29-1910.94.md attempt 1 failed: the agent finished without calling section_stage
123/207 done
123/207 done
staged CFR:29-1910.1050 (23 xrefs, 12 defines, flags: Reference "42 CFR part 84" (NIOSH certification of respirators, cited for approved-respirator labels in the respiratory-protection provisions) found no target in the corpus and is left unlinked.; "Dermal exposure to MDA" is defined in (b) by an "occurs where" sentence rather than a "means" sentence, so it was added to defines beyond the converter's detected terms.; Range citations "paragraphs (a)(2) through (a)(7) of this section", "paragraphs (h) and (i) of this section", and "paragraphs (m)(3)(i) and (ii) of this section" were neither pre-linked nor listed for resolution and remain unlinked.; "The Act" (Authorized person definition) and the shorthand "HCS" for the Hazard Communication Standard, 29 CFR 1910.1200, in the hazard-communication provisions are unlinked shorthand references.; unresolved anchor: "paragraph (e)(2) of this section" named CFR:29-1910.1050#e-2, which the target does not have; linked to the section; unresolved anchor: "paragraph (e)(3) of this section" named CFR:29-1910.1050#e-3, which the target does not have; linked to the section; unresolved anchor: "paragraph (e)(5) of this section" named CFR:29-1910.1050#e-5, which the target does not have; linked to the section; unresolved anchor: "paragraph (e)(7)(i) of this section" named CFR:29-1910.1050#e-7-i, which the target does not have; linked to the section; unresolved anchor: "paragraph (g)(1) of this section" named CFR:29-1910.1050#g-1, which the target does not have; linked to the section; unresolved anchor: "paragraph (k)(4) of this section" named CFR:29-1910.1050#k-4, which the target does not have; linked to the section; unresolved anchor: "paragraph (k)(2)(i)(A) of this section" named CFR:29-1910.1050#k-2-i-A, which the target does not have; linked to the section)
staged CFR:29-1910.98 (3 xrefs, 0 defines, flags: The citations to 41 CFR part 50-204 in paragraph (d), and to § 50-204.2(a)(1) within that part, have no corresponding work in the corpus and are left unlinked.; The three public-contract statutes named in paragraph (d) (Walsh-Healey Public Contracts Act, Service Contract Act of 1965, National Foundation on Arts and Humanities Act of 1965) are cited by name only and are not linked.; Paragraph (b) enumerates sixteen paragraph-level citations of § 1910.94 under a single section-level link, so the individual paragraph anchors are not distinguished.)
125/207 done
125/207 done
staged CFR:29-1910.104 (3 xrefs, 1 defines, flags: Harness-linked citation 'part 3' to CFR:29-3 looks wrong: the citation is to part 3 of the external CGA pamphlet S-1 (incorporated by reference via § 1910.6), not to 29 CFR part 3.; Term 'bulk oxygen system' is defined in (b)(1) by copula ('is an assembly of equipment'), not by 'means'; added to defines although the converter detected no term.; Stray space in 'High- pressure' at (b)(4)(iii) appears to be a source formatting artifact.; Paragraph-level anchor for (b)(1) is not exposed by the tools, so the xref cites section id CFR:29-1910.104, whose search match L5 is the (b)(1) definition paragraph.)
126/207 done
staged CFR:29-1910.121 (0 xrefs, 0 defines)
127/207 done
staged CFR:29-1910.112-1910.113 (0 xrefs, 0 defines, flags: The heading is garbled: a stray '.113' fragment follows the combined section range, though the unit plainly covers reserved sections 1910.112 and 1910.113.)
128/207 done
section subtitle-Subtitle B/XVII/1910/H/1910.106/29-1910.106.md attempt 1 failed: the agent finished without calling section_stage
staged CFR:29-1910.122 (0 xrefs, 0 defines)
section subtitle-Subtitle B/XVII/1910/H/1910.109/29-1910.109.md attempt 1 failed: the agent finished without calling section_stage
129/207 done
staged CFR:29-1910.123 (1 xrefs, 9 defines, flags: Definition of 'You' cites the Occupational Safety and Health Act of 1970 (29 U.S.C. 651 et seq.), a U.S. statute outside this corpus, so it is left unlinked.; The Flashpoint definition cites Appendix B to § 1910.1200 (Physical Hazard Criteria); the linked target is the section, while the appendix itself is a separate document.)
section subtitle-Subtitle B/XVII/1910/H/1910.111/29-1910.111.md attempt 1 failed: the agent finished without calling section_stage
130/207 done
section subtitle-Subtitle B/XVII/1910/H/1910.119/29-1910.119.md attempt 1 failed: the agent finished without calling section_stage
staged CFR:29-1910.68 (5 xrefs, 9 defines, flags: Paragraph (a) defines its nine terms with 'is a'/'is the' phrasing rather than 'means', which is why the converter detected no defined terms; all nine are listed in defines.; (b)(6)(i) carries the OCR typo 'clearanace' (evidently 'clearance').; The unscoped search for 'paragraph (c)(4) of this section' returned no Part 1910 candidate, so it is linked as a paragraph of this node (anchor c-4, the Handholds paragraph) following the harness's own 'b-3' anchor pattern; confidence lowered accordingly.; unresolved anchor: "paragraph (c)(4) of this section" named CFR:29-1910.68#c-4, which the target does not have; linked to the section)
131/207 done
staged CFR:29-1910.124 (2 xrefs, 0 defines, flags: The metric unit in (g)(2) reads "k/cm 2", apparently a garbled "kg/cm2" with a lost superscript; human should verify against the official text.)
132/207 done
staged CFR:29-1910.125 (4 xrefs, 0 defines, flags: Superscript exponents were flattened to plain digits in area units: '10 feet 2 (0.95 m 2)', '4 feet 2 (0.38 m 1)' (likely garbled for m2), and '25 feet 2 (2.37 m 2)' should read square feet / square meters.; In the opening compliance table, the two bullet choices in the 'And:' column were merged onto one line and lost their separate list structure.; unresolved anchor: "paragraph (f)(3) of this section" named CFR:29-1910.125#(f)(3), which the target does not have; linked to the section)
133/207 done
staged CFR:29-1910.126 (2 xrefs, 0 defines)
134/207 done
staged CFR:29-1910.119 (21 xrefs, 10 defines, flags: The seven 'paragraph (x) of this section' references resolve structurally to this node's own paragraphs; corpus search surfaced only unrelated sections.; 'SARA Title III reports' in paragraph (n) refers to SARA Title III (EPCRA); no resolvable corpus id was returned, so it is left unlinked.; Bare citation '1910.1200(c)' in (a)(1)(ii) is unlinked; it points to the definitions paragraph of the hazard communication standard, 29 CFR 1910.1200(c).; Cross-references 'appendix A to this section' and 'appendix B to this section' (and 'Appendix E' to § 1910.1200 in the Trade secret definition) are unlinked.; In (b) the heading 'Definitions.' runs into the first definition, so the converter missed 'Atmospheric tank'; added it to defines.; unresolved anchor: "paragraph (a)(1) of this section" named CFR:29-1910.119#a-1, which the target does not have; linked to the section; unresolved anchor: "paragraph (e)(1) of this section" named CFR:29-1910.119#e-1, which the target does not have; linked to the section; unresolved anchor: "paragraph (e)(4) of this section" named CFR:29-1910.119#e-4, which the target does not have; linked to the section; unresolved anchor: "paragraph (e)(5) of this section" named CFR:29-1910.119#e-5, which the target does not have; linked to the section; unresolved anchor: "paragraph (e)(6) of this section" named CFR:29-1910.119#e-6, which the target does not have; linked to the section; unresolved anchor: "paragraph (f)(4) of this section" named CFR:29-1910.119#f-4, which the target does not have; linked to the section; unresolved anchor: "paragraph (p)(1) of this section" named CFR:29-1910.119#p-1, which the target does not have; linked to the section)
staged CFR:29-1910.133 (0 xrefs, 0 defines, flags: The first shade-number table lost its merged-cell structure: operation names span several electrode-size/arc-current rows and 'Air carbon' arc cutting is split across two rows, so row grouping needs human review.; The two tables share the caption 'Filter Lenses for Protection Against Radiant Energy', and the footnote markers (* and **) printed after the second table belong to cells in the first table.)
staged CFR:29-1910.120 (22 xrefs, 20 defines, flags: Bare reference "section 6.10" left unresolved: the one corpus search returned only unrelated title 29 sections; it likely cites numbered paragraph 6.10 of an appendix to this same work that search does not expose.; Bare reference "§ 261.21" left unresolved: in context it means 40 CFR 261.21 (EPA hazardous-waste characteristics), which is not in this corpus; no matching id was returned.; The same sentence (6.8) also cites "6.12" and "¶ 4.2"; neither was harness-linked nor named for resolution, so they remain unlinked.; Body is truncated mid-word at "uncontrolled hazardo"; the (a)(3) definition of Uncontrolled hazardous waste site continues beyond the shown text.; Source typo in a definition term: "Small quantity qenerator" (for "generator"); listed as written.; Converter missed four "means" definition sentences, which I added as written: Buddy system; Emergency response or responding to emergencies; Hazardous waste site or Site; IDLH or Immediately dangerous to life or health (the IDLH one has a missing space in the source, "or*Immediately").)
137/207 done
137/207 done
137/207 done
staged CFR:29-1910.135 (0 xrefs, 0 defines)
138/207 done
staged CFR:29-1910.107 (16 xrefs, 2 defines, flags: Paragraph (a)(9) defines 'Listed' only by cross-reference to 'approved' in paragraph (a)(8); no substantive definition.; Caption (a)(1) reads 'Aerated solid powders' but the defining sentence says 'Aerated powders shall mean'.; Items (a)(2)-(7) are heading-style definitions (Spraying area, Spray booth, Waterwash spray booth, Dry spray booth, Fluidized bed, Electrostatic fluidized bed) without a 'means' verb, so they are not listed as defined terms.; Paragraph (d)(1) incorporates NFPA No. 91-1961 by reference; it has no corpus id and was not linked.; The references '(c)(1)' and '(l)(1)' are the numbered lead-ins of paragraphs (c) and (l); no c-1/l-1 anchors exist, so they are linked to anchors 'c' and 'l' per the tool anchor list.; Anchor list for this section shows (c)'s roman-numeral subparagraphs reusing the names 'i'-'iv' that also name paragraphs (i)-(iv), and no c-2 through c-9 anchors; future anchor resolution here may be ambiguous.; The review copy was elided mid-sentence after (d)(4) ('...ordinary expansion and'); text from (d)(5) through paragraph (l) was not reviewed.)
staged CFR:29-1910.94 (10 xrefs, 0 defines, flags: Search found no 42 CFR part 84 node in the corpus, so the citations to it for NIOSH-approved respirators (e.g., in (a)(5)(i) and (a)(5)(iii)) are left unlinked.; Internal citations to paragraph (c)(6)(ii), (c)(6)(i), and (c)(5)(iii) of this section are linked to the section root CFR:29-1910.94 without paragraph anchors; search exposed no paragraph-level anchor form for them.; Definitional entries use the 'Term. definition' heading form (e.g., 'Abrasive.', 'Dust collector.') rather than 'means', so none were captured as defined terms.)
140/207 done
staged CFR:29-1910.136 (0 xrefs, 0 defines, flags: Incorporated-by-reference standards (ASTM F-2412-2005, ASTM F-2413-2005, ANSI Z41-1999, ANSI Z41-1991) are external documents, not corpus nodes, so they are not linked as references.)
141/207 done
141/207 done
staged CFR:29-1910.138 (0 xrefs, 0 defines)
142/207 done
staged CFR:29-1910.139 (0 xrefs, 0 defines, flags: Section is reserved and contains no substantive text; OSHA withdrew the former respiratory protection for tuberculosis requirements from this section in 2004.)
143/207 done
section subtitle-Subtitle B/XVII/1910/H/1910.109/29-1910.109.md attempt 2 failed: the agent finished without calling section_stage
144/207 done
staged CFR:29-1910.142 (0 xrefs, 0 defines, flags: Unresolved reference: "Part V" of the "Food Service Sanitation Manual," U.S. Public Health Service Publication 934 (1965) is an external publication incorporated by reference with no corpus node; the search returned only unrelated sections (29 CFR 783.21, 29 CFR 784.21, and 29 CFR 1910 Subpart V [Reserved]).)
staged CFR:29-1910.144 (0 xrefs, 0 defines, flags: Paragraph (a)(1)(i) keeps only its caption 'Fire protection equipment and apparatus' with the body marked [Reserved], so no color requirement for fire equipment is actually stated here.; Paragraph (a)(1)(iii) looks garbled: 'switches which letters or other markings appear' appears to be missing the word 'on' before 'which'.)
146/207 done
146/207 done
section subtitle-Subtitle B/XVII/1910/F/1910.66/29-1910.66.md attempt 2 failed: the agent finished without calling section_stage
147/207 done
staged CFR:29-1910.111 (17 xrefs, 0 defines, flags: The citation to 42 CFR part 84 (NIOSH approval for gas masks and ammonia canisters) has no matching source in the corpus and is left unlinked.; Paragraph (a)(2) holds a definitions list styled as term headings (e.g., Container, Cylinder, Filling density) without the word 'means', which is why the converter detected no defined terms.; 'Design pressure' in (a)(2)(vi) and 'DOT specifications' in (a)(2)(xii) are definitions by cross-reference (to the ASME Code term and to 49 CFR chapter I) rather than standalone definitions.; The harness linked the citation '49 CFR chapter I' to CFR:29-I (29 CFR chapter I), but the text cites the Department of Transportation regulations in 49 CFR chapter I, so that link looks wrong.; unresolved anchor: "paragraph (b)(9)(i) of this section" named CFR:29-1910.111#b-9-i, which the target does not have; linked to the section)
staged CFR:29-1910.143 (0 xrefs, 0 defines, flags: Section is a reserved placeholder; only the heading exists and no operative regulatory text follows it.)
149/207 done
149/207 done
staged CFR:29-1910.141 (2 xrefs, 10 defines, flags: Table J-1 formatting is fragile on conversion: the 81-to-110 row ends with a stray period ('5.'), the 'Over 150' row shows its value only as a footnote reference ('( 2)'), and footnotes 1 and 2 (urinal substitution; one additional fixture per 40 employees) sit below the table, so a person should verify the footnote association survived.; The internal range citation in (d)(3)(i) reads 'paragraphs (d)(3) (ii) through (v) of this section' with a stray space after (d)(3), which may defeat anchor matching if resolved mechanically.; unresolved anchor: "paragraph (c)(1)(i) of this section" named CFR:29-1910.141#c-1-i, which the target does not have; linked to the section)
staged CFR:29-1910.132 (6 xrefs, 0 defines, flags: Searches for the two (f) self-references returned unrelated Part 29 hits, so anchors f-1 and f-2 follow the harness's own convention for paragraph (b) of this section (#b) and are inferred paragraph anchors of this node.; Paragraph (g) cites 1910.135, 1910.136, 1910.138, and 1910.140 as plain text with no links; they were not among the references the harness tasked me to resolve.; The Note under (d)(1) cites 'Non-mandatory appendix B' with no link and no target was provided for it.; unresolved anchor: "paragraph (f)(1) of this section" named CFR:29-1910.132#f-1, which the target does not have; linked to the section; unresolved anchor: "paragraph (f)(2) of this section" named CFR:29-1910.132#f-2, which the target does not have; linked to the section)
section subtitle-Subtitle B/XVII/1910/H/1910.106/29-1910.106.md attempt 2 failed: the agent finished without calling section_stage
152/207 done
152/207 done
152/207 done
staged CFR:29-1910.152 (0 xrefs, 0 defines)
153/207 done
staged CFR:29-1910.110 (19 xrefs, 19 defines, flags: Converter detected no defined terms, but paragraph (a) opens with 'As used in this section' and defines 19 items; the terms are supplied in defines.; '49 CFR chapter 1' and '49 CFR part 178' are left unlinked: the searches returned no title 49 nodes.; 'subpart S of this part' is left unlinked: no subpart S node was returned (closest hit CFR:29-1910-C shows the subpart id pattern CFR:29-1910-S would follow).; 'part E of this table' and 'part F of this table' (in the paragraph (b)(10)(v) distance table) are intra-table references with no linkable node; left unlinked.; Harness-linked 'chapter I'/'Chapter I' target CFR:29-I, but every occurrence in the body reads '49 CFR chapter I' (DOT regulations), so CFR:49-I is likely the intended target.; Table H-23's header band (Underground/Aboveground/Between aboveground containers) flattened into data rows and several rows lost cells, so the table's column structure is garbled.; 'Listed' in (a)(15) is a definition by cross-reference to 'Approved' in (a)(14), not an independent definition.; Other internal citations not in the resolved set were left unlinked: 'subparagraph (14)(viii) of this paragraph' in (b)(5)(i)(f), the split 'paragraph (e) (11) or (12) of this section' in (b)(6)(i)(c), and group citations such as 'paragraphs (d), (e), (g), and (h) of this section' and '(g)(2)(i) of this section'.; unresolved anchor: "paragraph (b)(3)(iii) of this section" named CFR:29-1910.110#b-3-iii, which the target does not have; linked to the section; unresolved anchor: "paragraph (b)(3)(i) of this section" named CFR:29-1910.110#b-3-i, which the target does not have; linked to the section; unresolved anchor: "paragraph (b)(1)(i) of this section" named CFR:29-1910.110#b-1-i, which the target does not have; linked to the section; unresolved anchor: "paragraph (b)(3)(iv) of this section" named CFR:29-1910.110#b-3-iv, which the target does not have; linked to the section; unresolved anchor: "paragraph (e)(13) of this section" named CFR:29-1910.110#e-13, which the target does not have; linked to the section; unresolved anchor: "paragraph (e)(14) of this section" named CFR:29-1910.110#e-14, which the target does not have; linked to the section; unresolved anchor: "paragraph (b)(10)(ii) of this section" named CFR:29-1910.110#b-10-ii, which the target does not have; linked to the section; unresolved anchor: "paragraph (b)(10)(iv) of this section" named CFR:29-1910.110#b-10-iv, which the target does not have; linked to the section; unresolved anchor: "paragraph (e)(3)(iii) of this section" named CFR:29-1910.110#e-3-iii, which the target does not have; linked to the section; unresolved anchor: "paragraph (b)(10)(iii) of this section" named CFR:29-1910.110#b-10-iii, which the target does not have; linked to the section; unresolved anchor: "paragraph (b)(12)(iii) of this section" named CFR:29-1910.110#b-12-iii, which the target does not have; linked to the section)
staged CFR:29-1910.151 (3 xrefs, 0 defines, flags: Citation "§ 1910.1030(d)(3)" in the non-mandatory appendix resolves only to section level (CFR:29-1910.1030); the (d)(3) paragraph anchor is not confirmed.)
155/207 done
staged CFR:29-1910.158 (1 xrefs, 0 defines)
staged CFR:29-1910.137 (5 xrefs, 0 defines, flags: Body text is truncated mid-sentence in paragraph (c)(2)(viii); the remainder of paragraph (c) and Tables I-1 through I-4 are absent from the file.; The ASTM compliance note is captioned 'Note to paragraph (a)' while three citations in the text call it 'the note following paragraph (a)(3)(ii)(B)'; caption and citations disagree.; The three sub-paragraph self-references are linked only to CFR:29-1910.137 without anchors: the searches did not surface this section and the map shows no sub-paragraph anchors, so anchor pinning is left to the verifier.; Citations to paragraphs (c)(2)(viii) and (c)(2)(ix) of this section were neither pre-linked nor on the resolution list and remain unlinked; their targets are not visible in the truncated text.)
157/207 done
157/207 done
157/207 done
staged CFR:29-1910.140 (6 xrefs, 27 defines, flags: The two citations 'paragraph (e)(2)(xii) of this section' and 'paragraph (e)(2)(x) of this section' are linked only at section level (CFR:29-1910.140): map and a read of (e) exposed no subparagraph anchors, so the (e)(2)(x)/(xii) anchors could not be confirmed.; The term 'Belt terminal' is split across two emphasis spans ('*Belt* *terminal*') in the source markdown, which likely made the converter miss it; added to defines.; 'Work-positioning system' at the end of paragraph (b) is a cross-reference to 'Positioning system', not a definition; excluded from defines.; 'Qualified' is defined in paragraph (b) with the verb 'describes' rather than 'means' or 'is defined as', so it was not added to defines.)
158/207 done
staged CFR:29-1910.159 (0 xrefs, 0 defines, flags: The NFPA and NBFU standards and the referenced OSHA standard are external references with no corpus identifier; left unlinked.)
section subtitle-Subtitle B/XVII/1910/I/1910.134/29-1910.134.md attempt 1 failed: the agent finished without calling section_stage
159/207 done
staged CFR:29-1910.160 (2 xrefs, 0 defines)
staged CFR:29-1910.162 (0 xrefs, 0 defines)
staged CFR:29-1910.145 (1 xrefs, 6 defines, flags: The input is truncated mid-Appendix B (reference 11 ends 'Signs and'); the remainder of the appendixes was not staged.; Two graphics survive only as captions: Figure J-7 (Slow-Moving Vehicle Emblem) and the Biological Hazard Symbol Configuration.; Additional definition sentences not in the 'means' form were left out of defines: (b) 'sign ... refers to' and (e)(4) 'the term biological hazard, or biohazard, shall include only'.; Both internal citations link to the section node without paragraph anchors because the corpus stores § 1910.145 as a single node.; unresolved: "paragraph (f)(3) of this section" was mapped to CFR:29-1910.145@2026-08-31, which is not an id in the corpus or the input; left bare; unresolved: "paragraph (f)(4) of this section" was mapped to CFR:29-1910.145@2026-08-31, which is not an id in the corpus or the input; left bare)
162/207 done
staged CFR:29-1910.157 (7 xrefs, 0 defines, flags: Body is truncated: paragraph (g)(4) breaks off mid-sentence at 'upon initial assignment' and any later text of § 1910.157 is not shown.; In Table L-1 the cell value '( 1)' is a footnote marker pointing to the note under the table, which bars hydrostatic testing of the copper/brass soft-soldered or riveted shells and requires their removal from service by January 1, 1982.; Bare citations remain unlinked in the body: 'Table L-1 of this section' in (f)(2) and (f)(16), 'paragraphs (f)(2)(i)-(v) of this section' in (f)(4), and '49 CFR 173.34(e)(15)' in (f)(10).; unresolved anchor: "paragraph (g)(1) of this section" named CFR:29-1910.157#g-1, which the target does not have; linked to the section)
163/207 done
staged CFR:29-1910.161 (2 xrefs, 0 defines)
staged CFR:29-1910.147 (14 xrefs, 0 defines, flags: Paragraph (b) carries run-in definitions (term followed by the definition) without 'means' or 'is defined as' wording, so no defined terms were staged.; Stray semicolon in paragraph (a)(2)(ii) ('only if;:') looks like a conversion artifact.; Paragraph (c)(1) has no dedicated anchor in CFR:29-1910.147; its text sits in the (c) block, so the xref 'paragraph (c)(1) of this section' targets anchor c.)
165/207 done
165/207 done
staged CFR:29-1910.165 (0 xrefs, 0 defines)
166/207 done
staged CFR:29-1910.166-1910.168 (0 xrefs, 0 defines, flags: Heading is garbled, duplicating the range fragment as '§ 1910.166-1910.168 .168 [Reserved]'; likely a converter artifact from the reserved range spanning three sections.)
167/207 done
staged CFR:29-1910.164 (0 xrefs, 0 defines)
168/207 done
168/207 done
staged CFR:29-1910.169 (0 xrefs, 0 defines)
169/207 done
169/207 done
staged CFR:29-1910.163 (0 xrefs, 0 defines)
staged CFR:29-1910.156 (5 xrefs, 0 defines, flags: "subpart L" (in "(See appendix D to subpart L)") did not match the part 1910 Subpart L (Fire Protection) container in search; left unlinked.; "42 CFR part 84" (NIOSH respirator approval and service-life rating methods) has no corresponding node in the corpus; search returned only 29 CFR §§ 1915.84 and 458.84, so it is left unlinked.; "Part II" is part of the title of the NIOSH publication "The Development of Criteria for Fire Fighter's Gloves; Vol. II, Part II: Test Methods" incorporated by reference via § 1910.6, not a standalone citation; search found no matching work, so it is left unlinked.; The pointers "paragraph (1)/(2)/(3) of appendix E" and "appendix D to subpart L" target appendices of this subpart that were not among the named bare references and remain unlinked.)
staged CFR:29-1910.176 (0 xrefs, 0 defines)
172/207 done
172/207 done
172/207 done
staged CFR:29-1910.146 (24 xrefs, 27 defines, flags: Four 'X means' definitions missing from the converter's list were added: Entry permit, Immediately dangerous to life or health, Permit-required confined space, and Permit-required confined space program.; Definitions carry parenthetical short forms (permit, permit space, permit space program, IDLH) not captured in the defines list; IDLH is used as the short form later in the section.; The anchor c-5-i-C for the reference to paragraph (c)(5)(i)(C) was inferred from the section's numbering pattern and not confirmed by the search, which returned only a section-level hit.; The note under (c)(1) cites appendix A to § 1910.146; only the section-level citation of § 1910.146 is linked and the appendix itself is not separately linked.; unresolved anchor: "paragraph (c)(5)(i)(C) of this section" named CFR:29-1910.146#c-5-i-C, which the target does not have; linked to the section)
173/207 done
staged CFR:29-1910.183 (0 xrefs, 0 defines, flags: Paragraph (a) is only the placeholder '[Reserved]' and contains no requirements.; Paragraph (n) relies on Figure N-1 for the required hand signals, but the figure itself is not included in this text.)
staged CFR:29-1910.212 (0 xrefs, 0 defines, flags: Paragraph (a)(3)(i) reads as a de facto definition of "Point of operation" although not phrased with "means", so it was left out of defines.; The fraction in (a)(5) carries a stray leading space from conversion: "( 1/2)".)
175/207 done
175/207 done
staged CFR:29-1910.155 (4 xrefs, 44 defines, flags: Apparent transcription errors in the source: "conbustion" for "combustion" in (c)(7), "CBrC1F2" for the Halon 1211 formula CBrClF2 in (c)(23), and a missing closing parenthesis in (c)(39)(iv) after "1.6 cm".; The National Fire Protection Association Fire Code named in (c)(3)(ii) is an external consensus standard and is not linked to any corpus identifier.; In defines, (c)(20) Flame resistance, (c)(22) Gaseous agent, (c)(25) Helmet and (c)(33) Outer shell use "is" rather than "means", and (c)(39) "Standpipe systems" is a group heading whose subparagraphs (i)–(iv) carry the four standpipe and small hose definitions listed individually.)
staged CFR:29-1910.214 (0 xrefs, 0 defines, flags: Reserved entry: the body holds only a placeholder, so there is no operative rule text to link, define, or overlay.)
staged CFR:29-1910.211 (1 xrefs, 35 defines, flags: Figure Nos. 0-1 through 0-5 were graphics in the original and are not preserved; only their captions and descriptions remain.; The table in paragraph (b)(13)(i) lists maximum thickness "3/18" for wheels 6 inch and smaller, which appears garbled and likely reads 1/8 in the source.; Only the opening portion of this long section was displayed for review, ending mid-sentence in paragraph (d)(13), so definitions in the remainder are not confirmed in defines.; Paragraph (b)(16) italicizes "vitrified bonded wheels" but the sentence is not a "means" definition, so it is not listed in defines.)
178/207 done
178/207 done
178/207 done
staged CFR:29-1910.177 (3 xrefs, 17 defines, flags: Converter's detected definition list omitted Barrier, Removing, Demounting, and Service or servicing, all defined in paragraph (b); they have been added.; The definition of single piece rim wheel is circular in the source ('the assemblage of single piece rim wheel with the tire'), a CFR drafting defect reproduced verbatim.; Citations to 29 CFR parts 1918 and 1926 in paragraph (a)(2) are already linked inline in the source text and are therefore not repeated in xrefs.; The parenthetical '(See appendix A for examples of trajectories.)' in the Trajectory definition carries no link and was left unlinked because the harness directed no further reference resolution.)
179/207 done
staged CFR:29-1910.184 (2 xrefs, 1 defines, flags: Table N-184-1 row for the 7/8-inch chain reads '4 5/64', likely garbled from '45/64'.; Supplied text ends mid-sentence in (f)(3) ('temperatures above 40'), so the remainder of (f) and any later paragraphs are not visible; verify the staged body is complete.; Paragraph (b) defines many sling terms with 'X is ...' phrasing (e.g., Basket hitch, Master link, Proof test); only 'Designated' uses 'means' and is staged under defines.)
180/207 done
staged CFR:29-1910.216 (4 xrefs, 0 defines)
181/207 done
staged CFR:29-1910.242 (0 xrefs, 0 defines)
182/207 done
staged CFR:29-1910.218 (2 xrefs, 0 defines, flags: Unresolved internal reference: "paragraph (d)(1) of this section" (paragraph (e)(1)(i)) plainly targets (d)(1) Safety cylinder head of this same section, matching the harness-linked (d)(2), but no search returned a usable id for it.; Unresolved internal reference: "paragraph (f)(1) of this section" (paragraph (g)(1)) plainly targets (f)(1) Mechanical forging presses of this same section, but no search returned a usable id for it.; Table O-11 (wood ram props) is embedded mid-paragraph between (a)(3)(ii) and (iii) with three footnotes; column and footnote structure must be preserved.; Source text has run-together OCR artifacts: "airhammer", "pullout", and "Board drophammers" lack word spacing.)
183/207 done
section subtitle-Subtitle B/XVII/1910/N/1910.181/29-1910.181.md attempt 1 failed: the agent finished without calling section_stage
staged CFR:29-1910.178 (9 xrefs, 2 defines, flags: Unresolved: "subpart S of this part" in (c)(2) — the search returned no container node for subpart S (Electrical) of part 1910, so it is left unlinked.; "subpart D of this part" in (j) resolved to § 1910.26 Dockboards (the section the cross-reference targets) because no subpart D container id was returned by search.; "Part II, ANSI B56.1-1969" is an incorporated-by-reference standard (per § 1910.6) with no source in the corpus; left unlinked.; Table N-1 is split across three markdown tables and the continued table's division columns carry bare numerals (1, 2), so the mapping of columns to Class I/II/III divisions is only positional.; (a)(7) points to § 1910.155(c)(3)(iv)(A) for "listed" and § 1910.7 for "nationally recognized testing laboratory" — definitional cross-references, not definitions made in this section.; (a)(4) reads "manufacturers prior written approval" without an apostrophe, which may be as printed or a dropped apostrophe — worth a human check.; unresolved anchor: "paragraph (l)(3) of this section" named CFR:29-1910.178#l-3, which the target does not have; linked to the section)
staged CFR:29-1910.241 (1 xrefs, 0 defines, flags: This is a definitions section, but every entry defines by an em dash or 'is' wording, so no 'means'-form definition was detected and defines is empty.; Figures P-1, P-2, and P-3 survive only as blockquote captions and descriptive text; the original drawings are not represented.; The in-text citation to § 1910.243(c)(1)(ii) links only to the whole of 29 CFR 1910.243, without a (c)(1)(ii) anchor.)
185/207 done
staged CFR:29-1910.215 (1 xrefs, 0 defines, flags: O-series figure drawings are lost: only caption placeholders (e.g., 'Figure No. O-6 Figure No. O-7' with 'correct'/'incorrect' annotations) remain in the text.; Range citations ('paragraphs (b) (1) through (10) of this section', 'paragraphs (b) (3) through (8) of this section', 'paragraphs (c)(1) (ii) and (iii) of this section') and the Table O-1, O-2, and O-9 references are unlinked.; The six internal 'of this section' citations resolved to the section Expression CFR:29-1910.215@2026-08-31; search returned no paragraph-level anchors, so the links are section-level only.; unresolved: "paragraph (b)(11) of this section" was mapped to CFR:29-1910.215@2026-08-31, which is not an id in the corpus or the input; left bare; unresolved: "paragraph (b)(9) of this section" was mapped to CFR:29-1910.215@2026-08-31, which is not an id in the corpus or the input; left bare; unresolved: "paragraph (b)(10)(iii) of this section" was mapped to CFR:29-1910.215@2026-08-31, which is not an id in the corpus or the input; left bare; unresolved: "paragraph (c)(6) of this section" was mapped to CFR:29-1910.215@2026-08-31, which is not an id in the corpus or the input; left bare; unresolved: "paragraph (d)(5) of this section" was mapped to CFR:29-1910.215@2026-08-31, which is not an id in the corpus or the input; left bare; unresolved: "paragraph (d)(6) of this section" was mapped to CFR:29-1910.215@2026-08-31, which is not an id in the corpus or the input; left bare)
186/207 done
staged CFR:29-1910.244 (0 xrefs, 0 defines)
187/207 done
staged CFR:29-1910.219 (1 xrefs, 0 defines, flags: Reference "paragraph (o)(5) of this section" in (b)(2) unresolved: sect_search returned no paragraph node of 29-1910.219, so it is left unlinked.; Reference "paragraph (o)(3) of this section" in (e)(2)(i) unresolved: sect_search returned no paragraph node of 29-1910.219, so it is left unlinked.; Reference "Paragraph (f)(1) of this section" in (f)(2) unresolved: sect_search returned no paragraph node of 29-1910.219, so it is left unlinked.; Reference "paragraph (k)(1) of this section" in the engine-rooms paragraph unresolved: sect_search returned no paragraph node of 29-1910.219, so it is left unlinked.)
staged CFR:29-1910.215 (7 xrefs, 0 defines, flags: O-series figure drawings are lost: only caption placeholders (e.g., 'Figure No. O-6 Figure No. O-7' with 'correct'/'incorrect' annotations) remain in the text.; Range citations ('paragraphs (b) (1) through (10) of this section', 'paragraphs (b) (3) through (8) of this section', 'paragraphs (c)(1) (ii) and (iii) of this section') and the Table O-1, O-2, and O-9 references are unlinked.; The six internal 'of this section' citations are linked to the section itself (CFR:29-1910.215); search returned no paragraph-level anchors, so paragraph precision is not captured.)
staged CFR:29-1910.251 (1 xrefs, 3 defines, flags: Converter detected no defined terms; subsections (a) and (b) use the 'term means' form, so Welder, welding operator, and Approved are staged as definitions.; The 'Approved' definition gives its own meaning but defers to § 1910.155(c)(3) and § 1910.7 for the underlying senses of listed, approved, and nationally recognized testing laboratory.)
189/207 done
staged CFR:29-1910.134 (9 xrefs, 35 defines, flags: Converter's defined-term list omits 'Filtering facepiece (dust mask)', which paragraph (b) defines; added it to defines.; 42 CFR part 84 (NIOSH particulate-filter certification, cited in the HEPA definition and (d)(3)(i)(B)) has no matching source in the corpus and is left unlinked.; 49 CFR part 180 (DOT Shipping Container Specification Regulations for breathing-air cylinders) is not in the corpus; the nearest hit, § 1910.180 crawler cranes, is a different provision, so it is left unlinked.; The questionnaire references 'part A'/'Part A' and 'Part B' of appendix C and the headings 'Part I'/'Part II' matched no node and are left unlinked; they appear to be headings within this section's own appendices.; In the appendix C questionnaire the 'Part B' heading is run together with the sentence that follows it, indicating a lost line break.; The assigned-protection-factor table in (d)(3)(i)(A) carries footnote markers 1 and 2 in its header row; verify the footnote text survived conversion.)
190/207 done
190/207 done
190/207 done
staged CFR:29-1910.179 (11 xrefs, 36 defines, flags: Paragraph (a) also defines terms in "is" sentences (e.g., crane, automatic crane, bumper, trolley, stop, limit switch) that the converter's "means"/"is defined as" forms do not capture; they are not listed in defines.; The body incorporates ANSI B30.2.0-1967 and CMAA Specification No. 61 by reference via § 1910.6 and cites ANSI B30.9-1971 in the (a)(43) note; none of these citations was linked by the harness or included in my resolution list.; The six paragraph citations ((k)(2), (f)(4), (j)(1)(ii), (j)(2), (m)(2), (j)(2)(iii)) are linked only to the containing section CFR:29-1910.179 because search returned no paragraph-level anchors; their anchors are left unset.)
191/207 done
staged CFR:29-1910.213 (3 xrefs, 0 defines, flags: Sub-paragraph anchors for (c)(1) and (h)(1) could not be confirmed from tool output (sect_map shows the section as a single node), so both xrefs point at the section rather than the specific paragraph.; The exhaust-hood sentence in the bandsaw paragraph (i) cites paragraph (h)(1) for a minimum metal thickness, but paragraph (h)(1) as staged specifies no thickness.)
192/207 done
staged CFR:29-1910.253 (4 xrefs, 0 defines, flags: Searches for the nine self-references of the form 'paragraph (x) of this section' - (c)(1)(iii), (b)(3), (c)(2)(iv), (f)(6)(iii), (f)(7)(v), (f)(6)(ii), (f)(4)(ii), (f)(6)(i)(H), (g)(2)(iii) - returned only unrelated sections, so these references to paragraphs of this same section are left unlinked.; Paragraph (a)(2) contains a stray closing parenthesis after 'tunnel construction' ('construction.)').; Superscript formatting lost in metric volume units, e.g. '(56 m 3)' for cubic metres, in (b)(3), (b)(4)(iv) and the manifold sentences of paragraph (c).)
193/207 done
staged CFR:29-1910.255 (2 xrefs, 0 defines, flags: The citation to § 1910.252(b)(2)(i) in (b)(5) carries a stray '(C)' outside the link, likely a lost sub-paragraph anchor (1910.252(b)(2)(i)(C)).)
194/207 done
staged CFR:29-1910.254 (5 xrefs, 0 defines, flags: Paragraph (d)(1) cites 1910.252(a), (b), and (c) of this part; this bare reference was not pre-linked by the harness and was not named for resolution, so it is left unlinked.; In (b)(3)(ii)(B) the limit reads "cutting-100 volts" with a hyphen where parallel (A) uses an em dash; staged verbatim as a minor source typo.)
195/207 done
staged CFR:29-1910.264 (0 xrefs, 0 defines)
196/207 done
staged CFR:29-1910.252 (10 xrefs, 0 defines, flags: The reference "42 CFR part 84" (NIOSH respirator approvals) could not be resolved to any id in the corpus and is left unlinked.; Corpus search did not return this section itself, so the six internal "of this section" references were resolved to paragraphs of this node using the harness-provided id CFR:29-1910.252 and its #c anchor convention.; Heading (a)(2)(ii) reads "Fire extinquishers", an apparent transcription typo for "extinguishers"; check against the official text.; The already-linked citation "30 CFR part 11" points to id CFR:29-11, a Title 29 id, though the cited part is in Title 30 (the rescinded MSHA respirator-certification part, superseded by 42 CFR part 84).; NFPA Standard 51B (1962) is incorporated by reference via § 1910.6 as an external consensus standard and has no cross-link in this corpus.; unresolved anchor: "paragraph (a)(2) of this section" named CFR:29-1910.252#a2, which the target does not have; linked to the section; unresolved anchor: "paragraph (a)(1)(ii) of this section" named CFR:29-1910.252#a1ii, which the target does not have; linked to the section; unresolved anchor: "paragraph (c)(1)(v) of this section" named CFR:29-1910.252#c1v, which the target does not have; linked to the section; unresolved anchor: "paragraph (c)(3) of this section" named CFR:29-1910.252#c3, which the target does not have; linked to the section; unresolved anchor: "paragraph (c)(2)(i) of this section" named CFR:29-1910.252#c2i, which the target does not have; linked to the section; unresolved anchor: "paragraph (c)(4) of this section" named CFR:29-1910.252#c4, which the target does not have; linked to the section)
197/207 done
staged CFR:29-1910.181 (4 xrefs, 20 defines, flags: All four bare references are internal ("of this section") to this same node; the prescribed searches returned no 1910.181 hits, so they are linked to the section id in the registry form evidenced by the body's own citation CFR:29-1910.6, without paragraph anchors.; Paragraph (a) also defines terms in 'is' or 'refers to' wording (e.g., derrick, boom, guy, rope, standby derrick) that fall outside the 'means' pattern captured in defines.)
198/207 done
staged CFR:29-1910.217 (17 xrefs, 0 defines, flags: The word 'value' appears where 'valve' is expected twice, in (b)(7)(xi) ('operating value mechanism') and (b)(8)(iv) ('solenoid value coils'); likely a source typo, but verify it was copied verbatim.; The anchor for paragraph (e)(1)(i)(C) preserves the uppercase C as printed; casing follows the harness convention but was not directly observed in tool output.; unresolved: "subpart C" was mapped to CFR:29-1905-C@2026-08-31, which is not an id in the corpus or the input; left bare; unresolved: "paragraph (c)(5) of this section" was mapped to CFR:29-1910.217@2026-08-31, which is not an id in the corpus or the input; left bare; unresolved: "paragraph (b)(14)(i) of this section" was mapped to CFR:29-1910.217@2026-08-31, which is not an id in the corpus or the input; left bare; unresolved: "paragraph (c)(1)(i) of this section" was mapped to CFR:29-1910.217@2026-08-31, which is not an id in the corpus or the input; left bare; unresolved: "paragraph (c)(3)(ii) of this section" was mapped to CFR:29-1910.217@2026-08-31, which is not an id in the corpus or the input; left bare; unresolved: "paragraph (b)(7)(xi) of this section" was mapped to CFR:29-1910.217@2026-08-31, which is not an id in the corpus or the input; left bare; unresolved: "paragraph (e)(1)(i)(C) of this section" was mapped to CFR:29-1910.217@2026-08-31, which is not an id in the corpus or the input; left bare)
staged CFR:29-1910.263 (0 xrefs, 0 defines, flags: Unresolved reference "paragraph (k)(1) of this section": scoped search failed (unknown work id 29-1910.263) and unscoped search returned only unrelated NLRB section 10(k) provisions, so no id was linked.; Unresolved reference "paragraph (l)(8)(viii) of this section": search likewise returned only unrelated NLRB section 10(l) provisions, so no id was linked.; Source typo in the oven heating-system exemption under (l)(8)(viii)(c): duplicated word "paragraph paragraph", and the sentence is a long run-on as published.)
staged CFR:29-1910.261 (17 xrefs, 0 defines, flags: Reference "§ 1910.96" (radiation standards, paragraph (e)(32)) did not resolve; the search returned only unrelated sections (1910.301, 1910.6, 1910.1010), so it is left unlinked.; Reference "subpart I" (personal protective equipment, in the acid-tower entry paragraph) did not resolve; the search returned only subparts C, V, and Z, so it is left unlinked.; Paragraph (c)(5)(i) cites "paragraph (c)4(iii) of this section", a malformed form of (c)(4)(iii) that was neither pre-linked nor listed for resolution.; Paragraph (c)(2)(v) cites "paragraphs (c)(2) (i) and (ii) of this section" with a stray space in the designation; not linked.; Paragraph (a)(3)(iv) contains the garbled word "Suppelements" (evidently "Supplements") as it appears in the source.)
201/207 done
201/207 done
staged CFR:29-1910.217 (24 xrefs, 0 defines, flags: The word 'value' appears where 'valve' is expected twice, in (b)(7)(xi) ('operating value mechanism') and (b)(8)(iv) ('solenoid value coils'); likely a source typo, but verify it was copied verbatim.; The anchor for paragraph (e)(1)(i)(C) preserves the uppercase C as printed; casing follows the harness convention but was not directly observed in tool output.; unresolved anchor: "paragraph (c)(5) of this section" named CFR:29-1910.217#c-5, which the target does not have; linked to the section; unresolved anchor: "paragraph (b)(14)(i) of this section" named CFR:29-1910.217#b-14-i, which the target does not have; linked to the section; unresolved anchor: "paragraph (c)(1)(i) of this section" named CFR:29-1910.217#c-1-i, which the target does not have; linked to the section; unresolved anchor: "paragraph (c)(3)(ii) of this section" named CFR:29-1910.217#c-3-ii, which the target does not have; linked to the section; unresolved anchor: "paragraph (b)(7)(xi) of this section" named CFR:29-1910.217#b-7-xi, which the target does not have; linked to the section; unresolved anchor: "paragraph (e)(1)(i)(C) of this section" named CFR:29-1910.217#e-1-i-C, which the target does not have; linked to the section)
staged CFR:29-1910.269 (23 xrefs, 0 defines, flags: "Section 4.8 of IEEE Std 516-2009" cites an external consensus standard that is not in the corpus; left unresolved.; No Subpart I container was returned by search, so "subpart I" and "Subpart I" are linked to 29 CFR 1910.132, the first section of that subpart.; No Subpart D container was returned by search, so "Subpart D" and "subpart D" are linked to 29 CFR 1910.28 within Subpart D (Walking-Working Surfaces).; No Subpart N container was returned by search, so "subpart N" is linked to 29 CFR 1910.176 within Subpart N (Materials Handling and Storage).)
202/207 done
202/207 done
section subtitle-Subtitle B/XVII/1910/R/1910.262/29-1910.262.md attempt 1 failed: the agent finished without calling section_stage
section subtitle-Subtitle B/XVII/1910/N/1910.180/29-1910.180.md attempt 1 failed: the agent finished without calling section_stage
staged CFR:29-1910.302 (1 xrefs, 0 defines, flags: Paragraph (b) incorporates dozens of paragraph-level provisions via inline section-id links (e.g., § 1910.304(f)(2)(i)(A), § 1910.303(f) except (f)(4)-(f)(5), and the range (g)(6)(iv)(A)-(D)); confirm each anchor resolves to the exact subparagraph cited, not just the parent section.)
203/207 done
staged CFR:29-1910.272 (11 xrefs, 9 defines, flags: "Part I" and "Part II" cite parts of the external National Safety Council data sheet "Belt Conveyors for Bulk Materials," Data Sheet 570, Revision A, in the appendix; no corpus target exists, so they are left unlinked.; The appendix table mapping subjects to national consensus standards (ANSI/NFPA 61B, 61C, 61D, 66, 68, 69) lost its table structure in conversion.; Note to paragraph (a) cites OSHA Compliance Directive 02-00-066, an external directive with no corpus target; left unlinked.; "paragraph (b)(1) of this section" and "paragraph (m)(1)(i) of this section" resolved to the section node without a sub-paragraph anchor.)
204/207 done
staged CFR:29-1910.265 (6 xrefs, 48 defines, flags: Converter detected no defined terms, but paragraph (b) contains 48 definitions (item (11) defines three terms together: chock, bunk block, cheese block); all are listed in defines.; (b)(20) reads 'powerdriven', apparently a lost hyphen in 'power-driven'.; (b)(42) defines 'swifter' in the form 'The term swifter is a means of...' rather than the usual 'means' form; included in defines.; unresolved anchor: "paragraph (e)(2)(iii) of this section" named CFR:29-1910.265#e-2-iii, which the target does not have; linked to the section; unresolved anchor: "paragraph (e)(2)(i) of this section" named CFR:29-1910.265#e-2-i, which the target does not have; linked to the section; unresolved anchor: "paragraph (e)(2)(v) of this section" named CFR:29-1910.265#e-2-v, which the target does not have; linked to the section)
staged CFR:29-1910.266 (13 xrefs, 0 defines, flags: Paragraph (c) is a definitions list in 'Term. Definition.' style (e.g., 'Arch. An open-framed trailer…') that never uses the word 'means', so no defined terms were detected.; The bare reference to 'appendix A' in (d)(2)(ii) (Appendix A—Minimum First-aid Supplies of this section) was neither on the harness's list of linked citations nor among the references to resolve.; Anchor i-2 for 'paragraph (i)(2) of this section' was confirmed structurally (it sits between the verified (i)(1) Training line and the verified (i)(3) Content line), not by a direct content hit; the search matched the vehicle-inspection paragraph instead.; unresolved anchor: "paragraph (i)(3) of this section" named CFR:29-1910.266#i-3, which the target does not have; linked to the section; unresolved anchor: "paragraph (i)(2) of this section" named CFR:29-1910.266#i-2, which the target does not have; linked to the section; unresolved anchor: "paragraph (i) of this section" named CFR:29-1910.266#i, which the target does not have; linked to the section)
staged CFR:29-1910.307 (6 xrefs, 0 defines, flags: Paragraph (f)(5) is garbled: it reads "Class III, Division 1or 2 locations", missing a space between "1" and "or".; Paragraph (f)(8) cites "the Subpart" vaguely without a specific provision; left unlinked.; The body text supplied ends mid-sentence at paragraph (g)(4)(ii); verify the leaf file contains the remainder of paragraph (g).)
207/207 done
207/207 done
staged CFR:29-1910.301 (3 xrefs, 0 defines, flags: No individual § 1910.361 node exists; the citation is linked to the reserved-range container CFR:29-1910.361-1910.380 that covers §§ 1910.361 through 1910.380.; No individual § 1910.381 node exists; the citation is linked to the reserved-range container CFR:29-1910.381-1910.398 that covers §§ 1910.381 through 1910.398.)
208/207 done
208/207 done
staged CFR:29-1910.309-1910.330 (0 xrefs, 0 defines, flags: The heading is garbled, repeating '.330' after the section range '1910.309-1910.330'.)
209/207 done
